// Jest Snapshot v1, https://goo.gl/fbAQLP

exports[`MoneyInput snapshot renders 1`] = `
<MoneyInput
  amount={200}
  autofocus={true}
  disabled={true}
  onChange={[MockFunction]}
  prefix="+"
>
  <input
    autoFocus={true}
    className="MoneyInput"
    disabled={true}
    onChange={[Function]}
    placeholder="0.00"
    type="tel"
    value="+ 200"
  />
</MoneyInput>
`;
