// Jest Snapshot v1, https://goo.gl/fbAQLP

exports[`App snapshot renders 1`] = `
<div
  className="App"
>
  <div
    className="App-Header"
  >
    <span />
    <Memo()
      disabled={true}
      onClick={[Function]}
      text="Exchange"
      theme="action"
    />
  </div>
  <div
    className="App-Wallet App-Wallet_from"
  >
    <Component
      amountDisabled={false}
      current={
        Object {
          "amount": 200,
          "currency": "USD",
          "id": "1",
        }
      }
      exchangeCurrency="GBP"
      next={
        Object {
          "amount": 300,
          "currency": "GBP",
          "id": "2",
        }
      }
      onAmountChange={[Function]}
      onWalletChange={[Function]}
      rate={0.765404}
      type="from"
    />
  </div>
  <div
    className="App-Wallet App-Wallet_to"
  >
    <Component
      amountDisabled={false}
      current={
        Object {
          "amount": 300,
          "currency": "GBP",
          "id": "2",
        }
      }
      exchangeCurrency="USD"
      next={
        Object {
          "amount": 100.2,
          "currency": "EUR",
          "id": "3",
        }
      }
      onAmountChange={[Function]}
      onWalletChange={[Function]}
      prev={
        Object {
          "amount": 200,
          "currency": "USD",
          "id": "1",
        }
      }
      rate={1.306499574081139}
      type="to"
    />
  </div>
</div>
`;
